[    0.000000] Initializing cgroup subsys cpuset
[    0.000000] Initializing cgroup subsys cpu
[    0.000000] Initializing cgroup subsys cpuacct
[    0.000000] Linux version 4.4.0-142-generic (buildd@lgw01-amd64-033) (gcc version 5.4.0 20160609 (Ubuntu 5.4.0-6ubuntu1~16.04.10) ) #168-Ubuntu SMP Wed Jan 16 21:00:45 UTC 2019 (Ubuntu 4.4.0-142.168-generic 4.4.167)
[    0.000000] Command line: BOOT_IMAGE=/boot/vmlinuz-4.4.0-142-generic root=LABEL=cloudimg-rootfs ro console=tty1 console=ttyS0
[    0.000000] KERNEL supported cpus:
[    0.000000]   Intel GenuineIntel
[    0.000000]   AMD AuthenticAMD
[    0.000000]   Centaur CentaurHauls
[    0.000000] ------------[ cut here ]------------
[    0.000000] WARNING: CPU: 0 PID: 0 at /build/linux-2I72tK/linux-4.4.0/arch/x86/kernel/fpu/xstate.c:517 fpu__init_system_xstate+0x37e/0x764()
[    0.000000] XSAVE consistency problem, dumping leaves
[    0.000000] Modules linked in:
[    0.000000] CPU: 0 PID: 0 Comm: swapper Not tainted 4.4.0-142-generic #168-Ubuntu
[    0.000000]  0000000000000086 0853ef53195b3dd1 ffffffff81e03d70 ffffffff8140a2e1
[    0.000000]  ffffffff81e03db8 ffffffff81cad5f8 ffffffff81e03da8 ffffffff81085372
[    0.000000]  0000000000000008 0000000000000340 0000000000000100 ffffffff81e03e3c
[    0.000000] Call Trace:
[    0.000000]  [<ffffffff8140a2e1>] dump_stack+0x63/0x82
[    0.000000]  [<ffffffff81085372>] warn_slowpath_common+0x82/0xc0
[    0.000000]  [<ffffffff8108540c>] warn_slowpath_fmt+0x5c/0x80
[    0.000000]  [<ffffffff81080e74>] ? xfeature_size+0x59/0x77
[    0.000000]  [<ffffffff81f781c6>] fpu__init_system_xstate+0x37e/0x764
[    0.000000]  [<ffffffff81f68120>] ? early_idt_handler_array+0x120/0x120
[    0.000000]  [<ffffffff81f77bcf>] fpu__init_system+0x1e7/0x28e
[    0.000000]  [<ffffffff81f78da9>] early_cpu_init+0x210/0x216
[    0.000000]  [<ffffffff81f78da9>] ? early_cpu_init+0x210/0x216
[    0.000000]  [<ffffffff81f7417e>] setup_arch+0xc0/0xd1f
[    0.000000]  [<ffffffff81f68120>] ? early_idt_handler_array+0x120/0x120
[    0.000000]  [<ffffffff81f68c75>] start_kernel+0xe2/0x4a4
[    0.000000]  [<ffffffff81f68120>] ? early_idt_handler_array+0x120/0x120
[    0.000000]  [<ffffffff81f68339>] x86_64_start_reservations+0x2a/0x2c
[    0.000000]  [<ffffffff81f68485>] x86_64_start_kernel+0x14a/0x16d
[    0.000000] ---[ end trace 4d5ff9f2f68c4233 ]---
[    0.000000] CPUID[0d, 00]: eax=00000007 ebx=00000440 ecx=00000440 edx=00000000
[    0.000000] CPUID[0d, 01]: eax=00000000 ebx=00000440 ecx=00000000 edx=00000000
[    0.000000] CPUID[0d, 02]: eax=00000100 ebx=00000240 ecx=00000000 edx=00000000
[    0.000000] CPUID[0d, 03]: eax=00000000 ebx=00000000 ecx=00000000 edx=00000000
[    0.000000] CPUID[0d, 04]: eax=00000000 ebx=00000000 ecx=00000000 edx=00000000
[    0.000000] CPUID[0d, 05]: eax=00000000 ebx=00000000 ecx=00000000 edx=00000000
[    0.000000] CPUID[0d, 06]: eax=00000000 ebx=00000000 ecx=00000000 edx=00000000
[    0.000000] CPUID[0d, 07]: eax=00000000 ebx=00000000 ecx=00000000 edx=00000000
[    0.000000] CPUID[0d, 08]: eax=00000000 ebx=00000000 ecx=00000000 edx=00000000
[    0.000000] CPUID[0d, 09]: eax=00000000 ebx=00000000 ecx=00000000 edx=00000000
[    0.000000] CPUID[0d, 0a]: eax=00000000 ebx=00000000 ecx=00000000 edx=00000000
[    0.000000] CPUID[0d, 0b]: eax=00000000 ebx=00000000 ecx=00000000 edx=00000000
[    0.000000] CPUID[0d, 0c]: eax=00000000 ebx=00000000 ecx=00000000 edx=00000000
[    0.000000] CPUID[0d, 0d]: eax=00000000 ebx=00000000 ecx=00000000 edx=00000000
[    0.000000] CPUID[0d, 0e]: eax=00000000 ebx=00000000 ecx=00000000 edx=00000000
[    0.000000] CPUID[0d, 0f]: eax=00000000 ebx=00000000 ecx=00000000 edx=00000000
[    0.000000] CPUID[0d, 10]: eax=00000000 ebx=00000000 ecx=00000000 edx=00000000
[    0.000000] CPUID[0d, 11]: eax=00000000 ebx=00000000 ecx=00000000 edx=00000000
[    0.000000] x86/fpu: xstate_offset[2]:  576, xstate_sizes[2]:  256
[    0.000000] x86/fpu: Supporting XSAVE feature 0x01: 'x87 floating point registers'
[    0.000000] x86/fpu: Supporting XSAVE feature 0x02: 'SSE registers'
[    0.000000] x86/fpu: Supporting XSAVE feature 0x04: 'AVX registers'
[    0.000000] x86/fpu: Enabled xstate features 0x7, context size is 1088 bytes, using 'standard' format.
[    0.000000] e820: BIOS-provided physical RAM map:
[    0.000000] BIOS-e820: [mem 0x0000000000000000-0x000000000009fbff] usable
[    0.000000] BIOS-e820: [mem 0x000000000009fc00-0x000000000009ffff] reserved
[    0.000000] BIOS-e820: [mem 0x00000000000f0000-0x00000000000fffff] reserved
[    0.000000] BIOS-e820: [mem 0x0000000000100000-0x000000003ffeffff] usable
[    0.000000] BIOS-e820: [mem 0x000000003fff0000-0x000000003fffffff] ACPI data
[    0.000000] BIOS-e820: [mem 0x00000000fec00000-0x00000000fec00fff] reserved
[    0.000000] BIOS-e820: [mem 0x00000000fee00000-0x00000000fee00fff] reserved
[    0.000000] BIOS-e820: [mem 0x00000000fffc0000-0x00000000ffffffff] reserved
[    0.000000] NX (Execute Disable) protection: active
[    0.000000] SMBIOS 2.5 present.
[    0.000000] Hypervisor detected: KVM
[    0.000000] e820: last_pfn = 0x3fff0 max_arch_pfn = 0x400000000
[    0.000000] MTRR: Disabled
[    0.000000] x86/PAT: MTRRs disabled, skipping PAT initialization too.
[    0.000000] CPU MTRRs all blank - virtualized system.
[    0.000000] x86/PAT: Configuration [0-7]: WB  WT  UC- UC  WB  WT  UC- UC  
[    0.000000] found SMP MP-table at [mem 0x0009fff0-0x0009ffff] mapped at [ffff88000009fff0]
[    0.000000] Scanning 1 areas for low memory corruption
[    0.000000] RAMDISK: [mem 0x36308000-0x3717bfff]
[    0.000000] ACPI: Early table checksum verification disabled
[    0.000000] ACPI: RSDP 0x00000000000E0000 000024 (v02 VBOX  )
[    0.000000] ACPI: XSDT 0x000000003FFF0030 00003C (v01 VBOX   VBOXXSDT 00000001 ASL  00000061)
[    0.000000] ACPI: FACP 0x000000003FFF00F0 0000F4 (v04 VBOX   VBOXFACP 00000001 ASL  00000061)
[    0.000000] ACPI: DSDT 0x000000003FFF0470 0021FF (v02 VBOX   VBOXBIOS 00000002 INTL 20100528)
[    0.000000] ACPI: FACS 0x000000003FFF0200 000040
[    0.000000] ACPI: FACS 0x000000003FFF0200 000040
[    0.000000] ACPI: APIC 0x000000003FFF0240 00005C (v02 VBOX   VBOXAPIC 00000001 ASL  00000061)
[    0.000000] ACPI: SSDT 0x000000003FFF02A0 0001CC (v01 VBOX   VBOXCPUT 00000002 INTL 20100528)
[    0.000000] No NUMA configuration found
[    0.000000] Faking a node at [mem 0x0000000000000000-0x000000003ffeffff]
[    0.000000] NODE_DATA(0) allocated [mem 0x3ffeb000-0x3ffeffff]
[    0.000000] kvm-clock: Using msrs 4b564d01 and 4b564d00
[    0.000000] kvm-clock: cpu 0, msr 0:3ffe3001, primary cpu clock
[    0.000000] kvm-clock: using sched offset of 3791785391 cycles
[    0.000000] clocksource: kvm-clock: mask: 0xffffffffffffffff max_cycles: 0x1cd42e4dffb, max_idle_ns: 881590591483 ns
[    0.000000] Zone ranges:
[    0.000000]   DMA      [mem 0x0000000000001000-0x0000000000ffffff]
[    0.000000]   DMA32    [mem 0x0000000001000000-0x000000003ffeffff]
[    0.000000]   Normal   empty
[    0.000000]   Device   empty
[    0.000000] Movable zone start for each node
[    0.000000] Early memory node ranges
[    0.000000]   node   0: [mem 0x0000000000001000-0x000000000009efff]
[    0.000000]   node   0: [mem 0x0000000000100000-0x000000003ffeffff]
[    0.000000] Initmem setup node 0 [mem 0x0000000000001000-0x000000003ffeffff]
[    0.000000] ACPI: PM-Timer IO Port: 0x4008
[    0.000000] IOAPIC[0]: apic_id 2, version 32, address 0xfec00000, GSI 0-23
[    0.000000] ACPI: INT_SRC_OVR (bus 0 bus_irq 0 global_irq 2 dfl dfl)
[    0.000000] ACPI: INT_SRC_OVR (bus 0 bus_irq 9 global_irq 9 high level)
[    0.000000] Using ACPI (MADT) for SMP configuration information
[    0.000000] smpboot: Allowing 2 CPUs, 0 hotplug CPUs
[    0.000000] PM: Registered nosave memory: [mem 0x00000000-0x00000fff]
[    0.000000] PM: Registered nosave memory: [mem 0x0009f000-0x0009ffff]
[    0.000000] PM: Registered nosave memory: [mem 0x000a0000-0x000effff]
[    0.000000] PM: Registered nosave memory: [mem 0x000f0000-0x000fffff]
[    0.000000] e820: [mem 0x40000000-0xfebfffff] available for PCI devices
[    0.000000] Booting paravirtualized kernel on KVM
[    0.000000] clocksource: refined-jiffies: mask: 0xffffffff max_cycles: 0xffffffff, max_idle_ns: 7645519600211568 ns
[    0.000000] setup_percpu: NR_CPUS:512 nr_cpumask_bits:512 nr_cpu_ids:2 nr_node_ids:1
[    0.000000] PERCPU: Embedded 34 pages/cpu @ffff88003fc00000 s99480 r8192 d31592 u1048576
[    0.000000] Built 1 zonelists in Node order, mobility grouping on.  Total pages: 257912
[    0.000000] Policy zone: DMA32
[    0.000000] Kernel command line: BOOT_IMAGE=/boot/vmlinuz-4.4.0-142-generic root=LABEL=cloudimg-rootfs ro console=tty1 console=ttyS0
[    0.000000] PID hash table entries: 4096 (order: 3, 32768 bytes)
[    0.000000] Memory: 997732K/1048120K available (8603K kernel code, 1332K rwdata, 4004K rodata, 1484K init, 1316K bss, 50388K reserved, 0K cma-reserved)
[    0.000000] SLUB: HWalign=64, Order=0-3, MinObjects=0, CPUs=2, Nodes=1
[    0.000000] Kernel/User page tables isolation: enabled
[    0.000000] Hierarchical RCU implementation.
[    0.000000] 	Build-time adjustment of leaf fanout to 64.
[    0.000000] 	RCU restricting CPUs from NR_CPUS=512 to nr_cpu_ids=2.
[    0.000000] RCU: Adjusting geometry for rcu_fanout_leaf=64, nr_cpu_ids=2
[    0.000000] NR_IRQS:33024 nr_irqs:440 16
[    0.000000] Console: colour VGA+ 80x25
[    0.000000] console [tty1] enabled
[    0.000000] console [ttyS0] enabled
[    0.000000] tsc: Detected 2591.996 MHz processor
[   31.131642] Calibrating delay loop (skipped) preset value.. 5183.99 BogoMIPS (lpj=10367984)
[   31.415793] pid_max: default: 32768 minimum: 301
[   31.582479] ACPI: Core revision 20150930
[   31.721905] ACPI: 2 ACPI AML tables successfully acquired and loaded
[   31.909221] Security Framework initialized
[   32.046997] Yama: becoming mindful.
[   32.174840] AppArmor: AppArmor initialized
[   32.327126] Dentry cache hash table entries: 131072 (order: 8, 1048576 bytes)
[   32.574209] Inode-cache hash table entries: 65536 (order: 7, 524288 bytes)
[   32.818175] Mount-cache hash table entries: 2048 (order: 2, 16384 bytes)
[   33.032855] Mountpoint-cache hash table entries: 2048 (order: 2, 16384 bytes)
[   33.272196] Initializing cgroup subsys io
[   33.397831] Initializing cgroup subsys memory
[   33.554970] Initializing cgroup subsys devices
[   33.713086] Initializing cgroup subsys freezer
[   33.875126] Initializing cgroup subsys net_cls
[   34.034317] Initializing cgroup subsys perf_event
[   34.180623] Initializing cgroup subsys net_prio
[   34.337730] Initializing cgroup subsys hugetlb
[   34.503027] Initializing cgroup subsys pids
[   34.628816] mce: CPU supports 0 MCE banks
[   34.771066] Last level iTLB entries: 4KB 64, 2MB 8, 4MB 8
[   34.967242] Last level dTLB entries: 4KB 64, 2MB 0, 4MB 0, 1GB 4
[   35.157121] Spectre V2 : Mitigation: Full generic retpoline
[   35.362558] Spectre V2 : Spectre v2 / SpectreRSB mitigation: Filling RSB on context switch
[   35.642017] Speculative Store Bypass: Vulnerable
[   35.812153] Freeing SMP alternatives memory: 32K
[   35.997554] ftrace: allocating 32277 entries in 127 pages
[   36.250208] smpboot: APIC(0) Converting physical 0 to logical package 0
[   36.480103] smpboot: Max logical packages: 1
[   36.629698] x2apic enabled
[   36.732005] Switched APIC routing to physical x2apic.
[   36.902005] ..TIMER: vector=0x30 apic1=0 pin1=2 apic2=-1 pin2=-1
[   37.228198] smpboot: CPU0: Intel(R) Core(TM) i7-6700HQ CPU @ 2.60GHz (family: 0x6, model: 0x5e, stepping: 0x3)
[   37.557460] Performance Events: unsupported p6 CPU model 94 no PMU driver, software events only.
[   37.886435] KVM setup paravirtual spinlock
[   38.036428] x86: Booting SMP configuration:
[   38.178251] .... node  #0, CPUs:      #1
[   38.309866] kvm-clock: cpu 1, msr 0:3ffe3041, secondary cpu clock
[   38.426919] mce: CPU supports 0 MCE banks
[   38.533709] x86: Booted up 1 node, 2 CPUs
[   38.663633] smpboot: Total of 2 processors activated (10367.98 BogoMIPS)
[   38.905246] devtmpfs: initialized
[   39.011786] evm: security.selinux
[   39.122974] evm: security.SMACK64
[   39.225613] evm: security.SMACK64EXEC
[   39.349488] evm: security.SMACK64TRANSMUTE
[   39.478195] evm: security.SMACK64MMAP
[   39.591524] evm: security.ima
[   39.687144] evm: security.capability
[   39.801656] clocksource: jiffies: mask: 0xffffffff max_cycles: 0xffffffff, max_idle_ns: 7645041785100000 ns
[   40.128797] futex hash table entries: 512 (order: 3, 32768 bytes)
[   40.310291] pinctrl core: initialized pinctrl subsystem
[   40.485192] RTC time: 14:44:13, date: 03/21/19
[   40.575544] NET: Registered protocol family 16
[   40.749680] cpuidle: using governor ladder
[   40.908785] cpuidle: using governor menu
[   41.044803] PCCT header not found.
[   41.155106] ACPI: bus type PCI registered
[   41.290763] acpiphp: ACPI Hot Plug PCI Controller Driver version: 0.5
[   41.510586] PCI: Using configuration type 1 for base access
[   41.679872] ACPI: Added _OSI(Module Device)
[   41.822770] ACPI: Added _OSI(Processor Device)
[   41.928388] ACPI: Added _OSI(3.0 _SCP Extensions)
[   42.096017] ACPI: Added _OSI(Processor Aggregator Device)
[   42.277215] ACPI: Executed 1 blocks of module-level executable AML code
[   42.510763] ACPI: Interpreter enabled
[   42.623973] ACPI: (supports S0 S5)
[   42.696337] ACPI: Using IOAPIC for interrupt routing
[   42.823272] PCI: Using host bridge windows from ACPI; if necessary, use "pci=nocrs" and report a bug
[   43.143212] ACPI: PCI Root Bridge [PCI0] (domain 0000 [bus 00-ff])
[   43.361839] acpi PNP0A03:00: _OSC: OS supports [ASPM ClockPM Segments MSI]
[   43.604991] acpi PNP0A03:00: _OSC: not requesting OS control; OS requires [ExtendedConfig ASPM ClockPM MSI]
[   43.901032] acpi PNP0A03:00: fail to add MMCONFIG information, can't access extended PCI configuration space under this bridge.
[   44.287875] PCI host bridge to bus 0000:00
[   44.428625] pci_bus 0000:00: root bus resource [io  0x0000-0x0cf7 window]
[   44.635602] pci_bus 0000:00: root bus resource [io  0x0d00-0xffff window]
[   44.847889] pci_bus 0000:00: root bus resource [mem 0x000a0000-0x000bffff window]
[   45.085349] pci_bus 0000:00: root bus resource [mem 0x40000000-0xffdfffff window]
[   45.310200] pci_bus 0000:00: root bus resource [bus 00-ff]
[   45.498275] pci 0000:00:01.1: legacy IDE quirk: reg 0x10: [io  0x01f0-0x01f7]
[   45.727700] pci 0000:00:01.1: legacy IDE quirk: reg 0x14: [io  0x03f6]
[   45.935665] pci 0000:00:01.1: legacy IDE quirk: reg 0x18: [io  0x0170-0x0177]
[   46.174830] pci 0000:00:01.1: legacy IDE quirk: reg 0x1c: [io  0x0376]
[   46.412860] pci 0000:00:07.0: quirk: [io  0x4000-0x403f] claimed by PIIX4 ACPI
[   46.662069] pci 0000:00:07.0: quirk: [io  0x4100-0x410f] claimed by PIIX4 SMB
[   46.910282] ACPI: PCI Interrupt Link [LNKA] (IRQs 5 9 10 *11)
[   47.058095] ACPI: PCI Interrupt Link [LNKB] (IRQs 5 9 10 *11)
[   47.235612] ACPI: PCI Interrupt Link [LNKC] (IRQs 5 9 *10 11)
[   47.409427] ACPI: PCI Interrupt Link [LNKD] (IRQs 5 *9 10 11)
[   47.581255] ACPI: Enabled 2 GPEs in block 00 to 07
[   47.734523] vgaarb: setting as boot device: PCI:0000:00:02.0
[   47.923675] vgaarb: device added: PCI:0000:00:02.0,decodes=io+mem,owns=io+mem,locks=none
[   48.116235] vgaarb: loaded
[   48.216410] vgaarb: bridge control possible 0000:00:02.0
[   48.401197] SCSI subsystem initialized
[   48.531909] ACPI: bus type USB registered
[   48.674188] usbcore: registered new interface driver usbfs
[   48.857713] usbcore: registered new interface driver hub
[   49.044193] usbcore: registered new device driver usb
[   49.187178] PCI: Using ACPI for IRQ routing
[   49.327467] NetLabel: Initializing
[   49.444259] NetLabel:  domain hash size = 128
[   49.584850] NetLabel:  protocols = UNLABELED CIPSOv4
[   49.759481] NetLabel:  unlabeled traffic allowed by default
[   49.952123] amd_nb: Cannot enumerate AMD northbridges
[   50.134450] clocksource: Switched to clocksource kvm-clock
[   50.337972] AppArmor: AppArmor Filesystem Enabled
[   50.501376] pnp: PnP ACPI init
[   50.621040] pnp: PnP ACPI: found 3 devices
[   50.789031] clocksource: acpi_pm: mask: 0xffffff max_cycles: 0xffffff, max_idle_ns: 2085701024 ns
[   51.135070] NET: Registered protocol family 2
[   51.283172] TCP established hash table entries: 8192 (order: 4, 65536 bytes)
[   51.514993] TCP bind hash table entries: 8192 (order: 5, 131072 bytes)
[   51.687212] TCP: Hash tables configured (established 8192 bind 8192)
[   51.882364] UDP hash table entries: 512 (order: 2, 16384 bytes)
[   52.099952] UDP-Lite hash table entries: 512 (order: 2, 16384 bytes)
[   52.327780] NET: Registered protocol family 1
[   52.398616] pci 0000:00:00.0: Limiting direct PCI/PCI transfers
[   52.595870] pci 0000:00:01.0: Activating ISA DMA hang workarounds
[   52.799204] Unpacking initramfs...
[   53.121700] Freeing initrd memory: 14800K
[   53.222507] platform rtc_cmos: registered platform RTC device (no PNP device found)
[   53.464777] Scanning for low memory corruption every 60 seconds
[   53.685435] audit: initializing netlink subsys (disabled)
[   53.895806] audit: type=2000 audit(1553179422.962:1): initialized
[   54.124004] Initialise system trusted keyring
[   54.245224] tsc: Refined TSC clocksource calibration: 2591.994 MHz
[   54.442371] clocksource: tsc: mask: 0xffffffffffffffff max_cycles: 0x255cb158701, max_idle_ns: 440795293120 ns
[   54.442573] HugeTLB registered 2 MB page size, pre-allocated 0 pages
[   54.443716] zbud: loaded
[   54.444101] VFS: Disk quotas dquot_6.6.0
[   54.444123] VFS: Dquot-cache hash table entries: 512 (order 0, 4096 bytes)
[   54.444305] squashfs: version 4.0 (2009/01/31) Phillip Lougher
[   54.725958] fuse init (API version 7.23)
[   54.726223] Key type big_key registered
[   54.726257] Allocating IMA MOK and blacklist keyrings.
[   54.726520] Key type asymmetric registered
[   54.726522] Asymmetric key parser 'x509' registered
[   54.726555] Block layer SCSI generic (bsg) driver version 0.4 loaded (major 249)
[   54.726575] io scheduler noop registered
[   54.726577] io scheduler deadline registered (default)
[   54.726604] io scheduler cfq registered
[   54.726731] pci_hotplug: PCI Hot Plug PCI Core version: 0.5
[   54.726736] pciehp: PCI Express Hot Plug Controller Driver version: 0.4
[   54.726941] ACPI: AC Adapter [AC] (on-line)
[   54.726992] input: Power Button as /devices/LNXSYSTM:00/LNXPWRBN:00/input/input0
[   54.726994] ACPI: Power Button [PWRF]
[   54.727064] input: Sleep Button as /devices/LNXSYSTM:00/LNXSLPBN:00/input/input1
[   54.727066] ACPI: Sleep Button [SLPF]
[   54.727198] GHES: HEST is not enabled!
[   54.727988] ACPI: Battery Slot [BAT0] (battery present)
[   54.728019] Serial: 8250/16550 driver, 32 ports, IRQ sharing enabled
[   54.944521] 00:02: ttyS0 at I/O 0x3f8 (irq = 4, base_baud = 115200) is a 16550A
[   55.028035] Linux agpgart interface v0.103
[   55.103991] loop: module loaded
[   55.104477] scsi host0: ata_piix
[   55.104608] scsi host1: ata_piix
[   55.104648] ata1: PATA max UDMA/33 cmd 0x1f0 ctl 0x3f6 bmdma 0xd000 irq 14
[   55.104649] ata2: PATA max UDMA/33 cmd 0x170 ctl 0x376 bmdma 0xd008 irq 15
[   55.104715] libphy: Fixed MDIO Bus: probed
[   55.104717] tun: Universal TUN/TAP device driver, 1.6
[   55.104717] tun: (C) 1999-2004 Max Krasnyansky <maxk@qualcomm.com>
[   55.105048] PPP generic driver version 2.4.2
[   55.105112] ehci_hcd: USB 2.0 'Enhanced' Host Controller (EHCI) Driver
[   55.105132] ehci-pci: EHCI PCI platform driver
[   55.105138] ehci-platform: EHCI generic platform driver
[   55.105145] ohci_hcd: USB 1.1 'Open' Host Controller (OHCI) Driver
[   55.105147] ohci-pci: OHCI PCI platform driver
[   55.105154] ohci-platform: OHCI generic platform driver
[   55.105159] uhci_hcd: USB Universal Host Controller Interface driver
[   55.105199] i8042: PNP: PS/2 Controller [PNP0303:PS2K,PNP0f03:PS2M] at 0x60,0x64 irq 1,12
[   55.105862] serio: i8042 KBD port at 0x60,0x64 irq 1
[   55.105865] serio: i8042 AUX port at 0x60,0x64 irq 12
[   55.105942] mousedev: PS/2 mouse device common for all mice
[   55.106192] input: AT Translated Set 2 keyboard as /devices/platform/i8042/serio0/input/input2
[   55.106577] rtc_cmos rtc_cmos: rtc core: registered rtc_cmos as rtc0
[   55.106678] rtc_cmos rtc_cmos: alarms up to one day, 114 bytes nvram
[   55.106683] i2c /dev entries driver
[   55.106754] device-mapper: uevent: version 1.0.3
[   55.106792] device-mapper: ioctl: 4.34.0-ioctl (2015-10-28) initialised: dm-devel@redhat.com
[   55.106808] ledtrig-cpu: registered to indicate activity on CPUs
[   55.107345] NET: Registered protocol family 10
[   55.107546] NET: Registered protocol family 17
[   55.107561] Key type dns_resolver registered
[   55.107741] registered taskstats version 1
[   55.107751] Loading compiled-in X.509 certificates
[   55.108251] Loaded X.509 cert 'Build time autogenerated kernel key: bff73e56bc0efa7435b2a24f5427674623f1be80'
[   55.108264] zswap: loaded using pool lzo/zbud
[   55.109484] Key type trusted registered
[   55.111631] Key type encrypted registered
[   55.111634] AppArmor: AppArmor sha1 policy hashing enabled
[   55.111636] ima: No TPM chip found, activating TPM-bypass!
[   55.111640] ima: Allocated hash algorithm: sha1
[   55.111648] evm: HMAC attrs: 0x1
[   55.111888]   Magic number: 11:727:738
[   55.283613] rtc_cmos rtc_cmos: setting system clock to 2019-03-21 14:44:27 UTC (1553179467)
[   55.283743] BIOS EDD facility v0.16 2004-Jun-25, 0 devices found
[   55.283743] EDD information not available.
[   65.579861] Freeing unused kernel memory: 1484K
[   65.763691] Write protecting the kernel read-only data: 14336k
[   65.979032] Freeing unused kernel memory: 1624K
[   66.154626] Freeing unused kernel memory: 92K
Loading, please [   66.331065] random: systemd-udevd: uninitialized urandom read (16 bytes read, 7 bits of entropy available)
wait...
startin[   66.331653] random: udevadm: uninitialized urandom read (16 bytes read, 7 bits of entropy available)
g version 229
[   66.331667] random: udevadm: uninitialized urandom read (16 bytes read, 7 bits of entropy available)
[   66.338695] random: udevadm: uninitialized urandom read (16 bytes read, 7 bits of entropy available)
[   66.338728] random: udevadm: uninitialized urandom read (16 bytes read, 7 bits of entropy available)
[   66.338906] random: udevadm: uninitialized urandom read (16 bytes read, 7 bits of entropy available)
[   66.338947] random: udevadm: uninitialized urandom read (16 bytes read, 7 bits of entropy available)
[   66.338986] random: udevadm: uninitialized urandom read (16 bytes read, 7 bits of entropy available)
[   66.339025] random: udevadm: uninitialized urandom read (16 bytes read, 7 bits of entropy available)
[   66.339063] random: udevadm: uninitialized urandom read (16 bytes read, 7 bits of entropy available)
[   69.417977] Fusion MPT base driver 3.04.20
[   69.545011] Copyright (c) 1999-2008 LSI Corporation
[   69.645998] input: ImExPS/2 Generic Explorer Mouse as /devices/platform/i8042/serio1/input/input4
[   69.878449] AVX version of gcm_enc/dec engaged.
[   69.982203] AES CTR mode by8 optimization enabled
[   70.086332] e1000: Intel(R) PRO/1000 Network Driver - version 7.3.21-k8-NAPI
[   70.293851] e1000: Copyright (c) 1999-2006 Intel Corporation.
[   70.473917] Fusion MPT SPI Host driver 3.04.20
[   70.947837] e1000 0000:00:03.0 eth0: (PCI:33MHz:32-bit) 02:3e:59:1c:26:9a
[   71.182093] e1000 0000:00:03.0 eth0: Intel(R) PRO/1000 Network Connection
[   71.795493] e1000 0000:00:08.0 eth1: (PCI:33MHz:32-bit) 08:00:27:ed:4d:46
[   72.057290] e1000 0000:00:08.0 eth1: Intel(R) PRO/1000 Network Connection
[   72.275619] mptbase: ioc0: Initiating bringup
[   72.275923] e1000 0000:00:08.0 enp0s8: renamed from eth1
[   72.583122] e1000 0000:00:03.0 enp0s3: renamed from eth0
[   72.775701] ioc0: LSI53C1030 A0: Capabilities={Initiator}
[   73.082775] scsi host2: ioc0: LSI53C1030 A0, FwRev=00000000h, Ports=1, MaxQ=256, IRQ=20
[   73.504628] scsi 2:0:0:0: Direct-Access     VBOX     HARDDISK         1.0  PQ: 0 ANSI: 5
[   73.778400] scsi target2:0:0: Beginning Domain Validation
[   73.942424] scsi target2:0:0: Domain Validation skipping write tests
[   74.158673] scsi target2:0:0: Ending Domain Validation
[   74.359734] scsi target2:0:0: asynchronous
[   74.514022] scsi 2:0:1:0: Direct-Access     VBOX     HARDDISK         1.0  PQ: 0 ANSI: 5
[   74.781573] scsi target2:0:1: Beginning Domain Validation
[   74.992431] scsi target2:0:1: Domain Validation skipping write tests
[   75.212654] scsi target2:0:1: Ending Domain Validation
[   75.406131] scsi target2:0:1: asynchronous
[   75.555038] sd 2:0:0:0: [sda] 20971520 512-byte logical blocks: (10.7 GB/10.0 GiB)
[   75.555213] sd 2:0:0:0: Attached scsi generic sg0 type 0
[   75.555750] sd 2:0:1:0: Attached scsi generic sg1 type 0
[   75.555843] sd 2:0:1:0: [sdb] 20480 512-byte logical blocks: (10.5 MB/10.0 MiB)
[   75.556179] sd 2:0:1:0: [sdb] Write Protect is off
[   75.556346] sd 2:0:1:0: [sdb] Incomplete mode parameter data
[   75.556348] sd 2:0:1:0: [sdb] Assuming drive cache: write through
[   75.560929] sd 2:0:1:0: [sdb] Attached SCSI disk
[   76.916552] sd 2:0:0:0: [sda] Write Protect is off
[   77.089003] sd 2:0:0:0: [sda] Incomplete mode parameter data
[   77.198797] sd 2:0:0:0: [sda] Assuming drive cache: write through
[   77.364568]  sda: sda1
[   77.454579] sd 2:0:0:0: [sda] Attached SCSI disk
Begin: Loading e[   79.088111] md: linear personality registered for level -1
ssential drivers[   79.323064] md: multipath personality registered for level -4
 ... [   79.502934] md: raid0 personality registered for level 0
[   79.696335] md: raid1 personality registered for level 1
[   79.950630] raid6: sse2x1   gen()  8645 MB/s
[   80.175176] raid6: sse2x1   xor()  5301 MB/s
[   80.386590] raid6: sse2x2   gen()  9857 MB/s
[   80.598699] raid6: sse2x2   xor()  6721 MB/s
[   80.806563] raid6: sse2x4   gen() 11654 MB/s
[   81.006671] raid6: sse2x4   xor()  7720 MB/s
[   81.169468] raid6: using algorithm sse2x4 gen() 11654 MB/s
[   81.303891] raid6: .... xor() 7720 MB/s, rmw enabled
[   81.482489] raid6: using ssse3x2 recovery algorithm
[   81.639970] xor: automatically using best checksumming function:
[   81.902626]    avx       : 25456.000 MB/sec
[   82.044953] async_tx: api initialized (async)
[   82.200950] md: raid6 personality registered for level 6
[   82.381529] md: raid5 personality registered for level 5
[   82.522866] md: raid4 personality registered for level 4
[   82.675749] md: raid10 personality registered for level 10
done.
Begin: Running /scripts/i[   82.841214] Btrfs loaded
nit-premount ... done.
Begin: M[   82.984524] EXT4-fs (sda1): mounted filesystem with ordered data mode. Opts: (null)
ounting root file system ... Begin: Running /scripts/local-top ... done.
Begin: Running /scripts/local-premount ... Scanning for Btrfs filesystems
done.
Warning: fsck not present, so skipping root file system
done.
Begin: Running /scripts/local-bottom ... done.
Begin: Running /scripts/init-bottom ... done.
[   83.709657] systemd[1]: systemd 229 running in system mode. (+PAM +AUDIT +SELINUX +IMA +APPARMOR +SMACK +SYSVINIT +UTMP +LIBCRYPTSETUP +GCRYPT +GNUTLS +ACL +XZ -LZ4 +SECCOMP +BLKID +ELFUTILS +KMOD -IDN)
[   84.303144] systemd[1]: Detected virtualization oracle.
[   84.440934] systemd[1]: Detected architecture x86-64.

Welcome to [1mUbuntu 16.04.5 LTS[0m!

[   84.697975] systemd[1]: Set hostname to <db>.
[   84.867037] random: nonblocking pool is initialized
[   85.142213] systemd[1]: Created slice System Slice.
[[0;32m  OK  [0m] Created slice System Slice.
[   85.369767] systemd[1]: Created slice system-serial\x2dgetty.slice.
[[0;32m  OK  [0m] Created slice system-serial\x2dgetty.slice.
[   85.669238] systemd[1]: Listening on Journal Audit Socket.
[[0;32m  OK  [0m] Listening on Journal Audit Socket.
[   85.891154] systemd[1]: Listening on LVM2 poll daemon socket.
[[0;32m  OK  [0m] Listening on LVM2 poll daemon socket.
[   86.131185] systemd[1]: Listening on Device-mapper event daemon FIFOs.
[[0;32m  OK  [0m] Listening on Device-mapper event daemon FIFOs.
[   86.443636] systemd[1]: Listening on udev Kernel Socket.
[[0;32m  OK  [0m] Listening on udev Kernel Socket.
[   86.707351] systemd[1]: Started Forward Password Requests to Wall Directory Watch.
[[0;32m  OK  [0m] Started Forward Password Requests to Wall Directory Watch.
[   87.055466] systemd[1]: Reached target Swap.
[[0;32m  OK  [0m] Reached target Swap.
[   87.251325] systemd[1]: Listening on Journal Socket (/dev/log).
[[0;32m  OK  [0m] Listening on Journal Socket (/dev/log).
[   87.490934] systemd[1]: Started Trigger resolvconf update for networkd DNS.
[[0;32m  OK  [0m] Started Trigger resolvconf update for networkd DNS.
[   87.791746] systemd[1]: Listening on Journal Socket.
[[0;32m  OK  [0m] Listening on Journal Socket.
[   88.038873] systemd[1]: Mounting Debug File System...
         Mounting Debug File System...
[   88.254844] systemd[1]: Mounting Huge Pages File System...
         Mounting Huge Pages File System...
[   88.506825] systemd[1]: Starting Set console keymap...
         Starting Set console keymap...
[   88.742709] systemd[1]: Mounting POSIX Message Queue File System...
         Mounting POSIX Message Queue File System...
[   88.991237] systemd[1]: Listening on /dev/initctl Compatibility Named Pipe.
[[0;32m  OK  [0m] Listening on /dev/initctl Compatibility Named Pipe.
[   89.318737] systemd[1]: Starting Nameserver information manager...
         Starting Nameserver information manager...
[   89.611672] systemd[1]: Reached target System Time Synchronized.
[[0;32m  OK  [0m] Reached target System Time Synchronized.
[   89.911084] systemd[1]: Reached target User and Group Name Lookups.
[[0;32m  OK  [0m] Reached target User and Group Name Lookups.
[   90.221717] systemd[1]: Created slice User and Session Slice.
[[0;32m  OK  [0m] Created slice User and Session Slice.
[   90.467834] systemd[1]: Reached target Slices.
[[0;32m  OK  [0m] Reached target Slices.
[   90.687305] systemd[1]: Starting Uncomplicated firewall...
         Starting Uncomplicated firewall...
[   90.951578] systemd[1]: Reached target Encrypted Volumes.
[[0;32m  OK  [0m] Reached target Encrypted Volumes.
[   91.236379] systemd[1]: Listening on LVM2 metadata daemon socket.
[[0;32m  OK  [0m] Listening on LVM2 metadata daemon socket.
[   91.455180] systemd[1]: Starting Monitoring of LVM2 mirrors, snapshots etc. using dmeventd or progress polling...
         Starting Monitoring of LVM2 mirrors... dmeventd or progress polling...
[   91.868843] systemd[1]: Listening on udev Control Socket.
[[0;32m  OK  [0m] Listening on udev Control Socket.
[   92.118965] systemd[1]: Set up automount Arbitrary Executable File Formats File System Automount Point.
[[0;32m  OK  [0m] Set up automount Arbitrary Executab...ats File System Automount Point.
[   92.530822] systemd[1]: Starting Remount Root and Kernel File Systems...
[   92.536601] EXT4-fs (sda1): re-mounted. Opts: (null)
         Starting Remount Root and Kernel File Systems...
[   92.955815] systemd[1]: Listening on Syslog Socket.
[[0;32m  OK  [0m] Listening on Syslog Socket.
[   93.203179] systemd[1]: Starting Journal Service...
         Starting Journal Service...
[   93.447162] systemd[1]: Starting Create list of required static device nodes for the current kernel...
         Starting Create list of required st... nodes for the current kernel...
[   93.779160] systemd[1]: Starting Load Kernel Modules...
[   93.921907] Loading iSCSI transport class v2.0-870.
         Startin[   94.102413] iscsi: registered transport (tcp)
g Load Kernel Modules...
[   94.294335] iscsi: registered transport (iser)
[   94.495872] systemd[1]: Mounted Debug File System.
[[0;32m  OK  [0m] Mounted Debug File System.
[   94.667364] systemd[1]: Mounted Huge Pages File System.
[[0;32m  OK  [0m] Mounted Huge Pages File System.
[   94.923170] systemd[1]: Mounted POSIX Message Queue File System.
[[0;32m  OK  [0m] Mounted POSIX Message Queue File System.
[   95.227391] systemd[1]: Started Journal Service.
[[0;32m  OK  [0m] Started Journal Service.
[[0;32m  OK  [0m] Started Set console keymap.
[[0;32m  OK  [0m] Started Uncomplicated firewall.
[[0;32m  OK  [0m] Started Remount Root and Kernel File Systems.
[[0;32m  OK  [0m] Started Create list of required sta...ce nodes for the current kernel.
[[0;32m  OK  [0m] Started Load Kernel Modules.
[[0;32m  OK  [0m] Started Nameserver information manager.
[[0;32m  OK  [0m] Started LVM2 metadata daemon.
         Mounting FUSE Control File System...
         Starting Apply Kernel Variables...
         Starting Create Static Device Nodes in /dev...
         Starting Load/Save Random Seed...
         Starting udev Coldplug all Devices...
         Starting Flush Journal to Persistent Storage...
[[0;32m  OK  [0m] Mounted FUSE Control File System.
[[0;32m  OK  [0m] Started Monitoring of LVM2 mirrors,...ng dmeventd or progress polling.
[[0;32m  OK  [0m] Started Apply Kernel Variables.
[[0;32m  OK  [0m] Started Create Static Device Nodes in /dev.
[[0;32m  OK  [0m] Started Load/Save Random Seed.
[[0;32m  OK  [0m] Started udev Coldplug all Devices.
         Starting udev Kernel Device Manager...
[[0;32m  OK  [0m] Reached target Local File Systems (Pre).
[[0;32m  OK  [0m] Reached target Local File Systems.
         Starting Tell Plymouth To Write Out Runtime Data...
         Starting Initial cloud-init job (pre-networking)...
         Starting LSB: AppArmor initialization...
         Starting Set console font and keymap...
[[0;32m  OK  [0m] Started udev Kernel Device Manager.
[[0;32m  OK  [0m] Started Flush Journal to Persistent Storage.
[[0;32m  OK  [0m] Started Tell Plymouth To Write Out Runtime Data.
[[0;32m  OK  [0m] Found device /dev/ttyS0.
[[0;32m  OK  [0m] Started Set console font and keymap.
[   49.526883] cloud-init[604]: Cloud-init v. 18.4-0ubuntu1~16.04.2 running 'init-local' at Thu, 21 Mar 2019 14:45:10 +0000. Up 49.23 seconds.
[[0;32m  OK  [0m] Started LSB: AppArmor initialization.
[[0;32m  OK  [0m] Started Initial cloud-init job (pre-networking).
[[0;32m  OK  [0m] Listening on Load/Save RF Kill Switch Status /dev/rfkill Watch.
[[0;32m  OK  [0m] Reached target Network (Pre).
         Starting Raise network interfaces...
[[0;32m  OK  [0m] Created slice system-getty.slice.
[[0;32m  OK  [0m] Started ifup for enp0s8.
[[0;32m  OK  [0m] Started ifup for enp0s3.
         Starting Create Volatile Files and Directories...
[[0;32m  OK  [0m] Started Dispatch Password Requests to Console Directory Watch.
[[0;32m  OK  [0m] Started Create Volatile Files and Directories.
         Starting Update UTMP about System Boot/Shutdown...
[[0;32m  OK  [0m] Started Update UTMP about System Boot/Shutdown.
[[0;32m  OK  [0m] Started Raise network interfaces.
[[0;32m  OK  [0m] Reached target Network.
         Starting Initial cloud-init job (metadata service crawler)...
[   51.955242] cloud-init[1057]: Cloud-init v. 18.4-0ubuntu1~16.04.2 running 'init' at Thu, 21 Mar 2019 14:45:13 +0000. Up 51.69 seconds.
[   52.168861] cloud-init[1057]: ci-info: ++++++++++++++++++++++++++++++++++++++Net device info+++++++++++++++++++++++++++++++++++++++
[   52.169312] cloud-init[1057]: ci-info: +--------+------+-----------------------------+---------------+--------+-------------------+
[   52.170077] cloud-init[1057]: ci-info: | Device |  Up  |           Address           |      Mask     | Scope  |     Hw-Address    |
[   52.170434] cloud-init[1057]: ci-info: +--------+------+-----------------------------+---------------+--------+-------------------+
[   52.170727] cloud-init[1057]: ci-info: | enp0s3 | True |          10.0.2.15          | 255.255.255.0 | global | 02:3e:59:1c:26:9a |
[   52.171005] cloud-init[1057]: ci-info: | enp0s3 | True |  fe80::3e:59ff:fe1c:269a/64 |       .       |  link  | 02:3e:59:1c:26:9a |
[   52.171278] cloud-init[1057]: ci-info: | enp0s8 | True |        192.168.69.51        | 255.255.255.0 | global | 08:00:27:ed:4d:46 |
[   52.171644] cloud-init[1057]: ci-info: | enp0s8 | True | fe80::a00:27ff:feed:4d46/64 |       .       |  link  | 08:00:27:ed:4d:46 |
[   52.171924] cloud-init[1057]: ci-info: |   lo   | True |          127.0.0.1          |   255.0.0.0   |  host  |         .         |
[[0;32m  OK  [0m] Started Initial cloud-init job (metadata service crawler).
[[0;32m  OK  [0m] Reached target System Initialization.
[   52.172479] cloud-init[1057]: ci-info: |   lo   | True |           ::1/128           |       .       |  host  |         .         |
[   54.160880] cloud-init[1057]: ci-info: +--------+------+-----------------------------+---------------+--------+-------------------+
[   54.332665] cloud-init[1057]: ci-info: ++++++++++++++++++++++++++++Route IPv4 info++++++++++++++++++++++++++++
[[0;32m  OK  [0m] Listening on UUID daemon activation socket.
[[0;32m  OK  [0m] Listening on ACPID Listen Socket.
[[0;32m  OK  [0m] Started Daily Cleanup of Temporary Directories.
[   54.511050] cloud-init[1057]: ci-info: +-------+--------------+----------+---------------+-----------+-------+
[   54.921349] cloud-init[1057]: ci-info: | Route | Destination  | Gateway  |    Genmask    | Interface | Flags |
         Starting Socket activation for snappy daemon.
[   55.079045] cloud-init[1057]: ci-info: +-------+--------------+----------+---------------+-----------+-------+
[   55.316468] cloud-init[1057]: ci-info: |   0   |   0.0.0.0    | 10.0.2.2 |    0.0.0.0    |   enp0s3  |   UG  |
[   55.468742] cloud-init[1057]: ci-info: |   1   |   10.0.2.0   | 0.0.0.0  | 255.255.255.0 |   enp0s3  |   U   |
[   55.580892] cloud-init[1057]: ci-info: |   2   | 192.168.69.0 | 0.0.0.0  | 255.255.255.0 |   enp0s8  |   U   |
[[0;32m  OK  [0m] Started Daily apt download activities.
[[0;32m  OK  [0m] Started Daily apt upgrade and clean activities.
[[0;32m  OK  [0m] Reached target Timers.
[   55.740016] cloud-init[1057]: ci-info: +-------+--------------+----------+---------------+-----------+-------+
[   56.128609] cloud-init[1057]: ci-info: +++++++++++++++++++Route IPv6 info+++++++++++++++++++
[   56.265317] cloud-init[1057]: ci-info: +-------+-------------+---------+-----------+-------+
         Starting LXD - unix socket.
[[0;32m  OK  [0m] Listening on D-Bus System Message Bus Socket.
[   56.368637] cloud-init[1057]: ci-info: | Route | Destination | Gateway | Interface | Flags |
[   56.630274] cloud-init[1057]: ci-info: +-------+-------------+---------+-----------+-------+
[   56.772975] cloud-init[1057]: ci-info: |   0   |  fe80::/64  |    ::   |   enp0s8  |   U   |
[   56.889595] cloud-init[1057]: ci-info: |   1   |  fe80::/64  |    ::   |   enp0s3  |   U   |
[[0;32m  OK  [0m] Started ACPI Events Check.
[[0;32m  OK  [0m] Reached target Paths.
[[0;32m  OK  [0m] Reached target Cloud-config availability.
[   57.032245] cloud-init[1057]: ci-info: |   4   |   ff00::/8  |    ::   |   enp0s8  |   U   |
[   57.386704] cloud-init[1057]: ci-info: |   5   |   ff00::/8  |    ::   |   enp0s3  |   U   |
[   57.503961] cloud-init[1057]: ci-info: +-------+-------------+---------+-----------+-------+
[[0;32m  OK  [0m] Reached target Network is Online.
         Starting iSCSI initiator daemon (iscsid)...
[[0;32m  OK  [0m] Listening on Socket activation for snappy daemon.
[[0;32m  OK  [0m] Listening on LXD - unix socket.
[[0;32m  OK  [0m] Reached target Sockets.
[[0;32m  OK  [0m] Reached target Basic System.
[[0;32m  OK  [0m] Started D-Bus System Message Bus.
         Starting System Logging Service...
[[0;32m  OK  [0m] Started Unattended Upgrades Shutdown.
[[0;32m  OK  [0m] Started Regular background program processing daemon.
[[0;32m  OK  [0m] Started Deferred execution scheduler.
         Starting Snappy daemon...
         Starting MySQL Community Server...
[[0;32m  OK  [0m] Started FUSE filesystem for LXC.
         Starting LSB: Record successful boot for GRUB...
         Starting LSB: MD monitoring daemon...
         Starting Login Service...
         Starting Accounts Service...
[[0;32m  OK  [0m] Started ACPI event daemon.
         Starting LXD - container startup/shutdown...
         Starting OpenBSD Secure Shell server...
         Starting /etc/rc.local Compatibility...
         Starting Virtualbox guest utils...
[[0;32m  OK  [0m] Started System Logging Service.
[[0;32m  OK  [0m] Started Snappy daemon.
[[0;32m  OK  [0m] Started iSCSI initiator daemon (iscsid).
[[0;32m  OK  [0m] Started LXD - container startup/shutdown.
[[0;32m  OK  [0m] Started /etc/rc.local Compatibility.
[[0;32m  OK  [0m] Started OpenBSD Secure Shell server.
[[0;32m  OK  [0m] Started LSB: Record successful boot for GRUB.
[[0;32m  OK  [0m] Started LSB: MD monitoring daemon.
[[0;32m  OK  [0m] Started Login Service.
         Starting Authenticate and Authorize Users to Run Privileged Tasks...
         Starting Login to default iSCSI targets...
         Starting Wait until snapd is fully seeded...
[[0;32m  OK  [0m] Started Virtualbox guest utils.
[[0;32m  OK  [0m] Started MySQL Community Server.
[[0;32m  OK  [0m] Started Wait until snapd is fully seeded.
[[0;32m  OK  [0m] Started Authenticate and Authorize Users to Run Privileged Tasks.
[[0;32m  OK  [0m] Started Accounts Service.
         Starting Apply the settings specified in cloud-config...
[[0;32m  OK  [0m] Started Login to default iSCSI targets.
[[0;32m  OK  [0m] Reached target Remote File Systems (Pre).
[[0;32m  OK  [0m] Reached target Remote File Systems.
         Starting Permit User Sessions...
         Starting LSB: daemon to balance interrupts for SMP systems...
[   61.475010] cloud-init[1291]: Cloud-init v. 18.4-0ubuntu1~16.04.2 running 'modules:config' at Thu, 21 Mar 2019 14:45:23 +0000. Up 61.37 seconds.
         Starting LSB: Set the CPU Frequency Scaling governor to "ondemand"...
         Starting LSB: automatic crash report generation...
[[0;32m  OK  [0m] Started Apply the settings specified in cloud-config.
[[0;32m  OK  [0m] Started Permit User Sessions.
[[0;32m  OK  [0m] Started LSB: Set the CPU Frequency Scaling governor to "ondemand".
[[0;32m  OK  [0m] Started LSB: daemon to balance interrupts for SMP systems.
[[0;32m  OK  [0m] Started LSB: automatic crash report generation.
[[0;32m  OK  [0m] Created slice User Slice of vagrant.
         Starting User Manager for UID 1000...
[[0;32m  OK  [0m] Started Session 1 of user vagrant.
         Starting Hold until boot process finishes up...
         Starting Terminate Plymouth Boot Screen...
[[0;32m  OK  [0m] Started User Manager for UID 1000.
[[0;32m  OK  [0m] Started Hold until boot process finishes up.
[[0;32m  OK  [0m] Started Terminate Plymouth Boot Screen.
[[0;32m  OK  [0m] Started Serial Getty on ttyS0.
         Starting Set console scheme...
[[0;32m  OK  [0m] Started Getty on tty1.
[[0;32m  OK  [0m] Reached target Login Prompts.
[[0;32m  OK  [0m] Reached target Multi-User System.
         Starting Execute cloud user/final scripts...
[[0;32m  OK  [0m] Reached target Graphical Interface.
         Starting Update UTMP about System Runlevel Changes...
[[0;32m  OK  [0m] Started Set console scheme.
[[0;32m  OK  [0m] Started Update UTMP about System Runlevel Changes.
[   64.117127] cloud-init[1370]: Cloud-init v. 18.4-0ubuntu1~16.04.2 running 'modules:final' at Thu, 21 Mar 2019 14:45:25 +0000. Up 64.00 seconds.
[   64.320638] cloud-init[1370]: Cloud-init v. 18.4-0ubuntu1~16.04.2 finished at Thu, 21 Mar 2019 14:45:25 +0000. Datasource DataSourceNoCloud [seed=/dev/sdb][dsmode=net].  Up 64.11 seconds
[[0;32m  OK  [0m] Started Execute cloud user/final scripts.
[[0;32m  OK  [0m] Reached target Cloud-init target.

Ubuntu 16.04.5 LTS db ttyS0

db login: 